Microsoft (R) Macro Assembler Version 5.10                  6/3/9
                                                             Page     1-1


				;*****************************************
				;     MDA-Win8086 EXPERIMENT PROGRAM    *
				;     FILENAME  : MASM_1.ASM
				;     PROCESSOR : I8086
				;*****************************************
 0000					CODE	SEGMENT
					ASSUME	CS:CODE,DS:CODE,ES:CODE,SS:CODE
 = 0000				SEG_D	EQU	0000H
 = 0540				STACK	EQU	0540H
					;
 1000					ORG	1000H
 1000  B8 0000				MOV	AX,SEG_D
 1003  8E D0				MOV	SS,AX
 1005  8E D8				MOV	DS,AX
 1007  BC 0540				MOV	SP,STACK
					;
 100A  B9 0006 90			MOV	CX,DATA_E-DATA1
 100E  BE 2000 R			MOV	SI,OFFSET DATA1
 1011  BF 2100 R			MOV	DI,OFFSET DATA2
 1014  E8 1018 R			CALL	HASCII
 1017  CC				INT 	3
					;
 1018				HASCII  PROC   NEAR
 1018  8A 04				MOV	AL,BYTE PTR [SI]
 101A  3C 0A				CMP	AL,0AH
 101C  72 02				JC	NEXT
 101E  04 07				ADD	AL,07H
 1020  04 30			NEXT:	ADD	AL,30H
 1022  88 05				MOV	BYTE PTR [DI],AL
 1024  47				INC	DI
 1025  46				INC	SI
 1026  E2 F0				LOOP	HASCII
 1028  C3				RET	
 1029				HASCII  ENDP
					;
 2000					ORG	2000H
 2000  05 0A 09 0B 0F 03	DATA1	DB	05H,0AH,09H,0BH,0FH,03H
 2006  00			DATA_E	DB	0
					;
 2100					ORG	2100H
 2100  0006[			DATA2	DB	6	DUP(?)	
	   ??			
			 ]	
				
					;
 2106				CODE	ENDS
					END
Microsoft (R) Macro Assembler Version 5.10                  6/3/9
                                                             Symbols-1


Segments and Groups:

                N a m e         	Length	 Align	Combine Class

CODE . . . . . . . . . . . . . .  	2106	PARA	NONE	

Symbols:            

                N a m e         	Type	 Value	 Attr

DATA1  . . . . . . . . . . . . .  	L BYTE	2000	CODE
DATA2  . . . . . . . . . . . . .  	L BYTE	2100	CODE	Length = 0006
DATA_E . . . . . . . . . . . . .  	L BYTE	2006	CODE

HASCII . . . . . . . . . . . . .  	N PROC	1018	CODE	Length = 0011

NEXT . . . . . . . . . . . . . .  	L NEAR	1020	CODE

SEG_D  . . . . . . . . . . . . .  	NUMBER	0000	
STACK  . . . . . . . . . . . . .  	NUMBER	0540	

@CPU . . . . . . . . . . . . . .  	TEXT  0101h		
@FILENAME  . . . . . . . . . . .  	TEXT  MASM_1		
@VERSION . . . . . . . . . . . .  	TEXT  510		


     44 Source  Lines
     44 Total   Lines
     13 Symbols

  46778 + 388514 Bytes symbol space free

      0 Warning Errors
      0 Severe  Errors
